// Jest Snapshot v1, https://goo.gl/fbAQLP

exports[`#HotelInfo should render correctly 1`] = `
<div>
  <div
    class="container"
  >
    <div
      class="imageContainer"
    >
      <img
        alt="hotel"
        src="photo url"
      />
    </div>
    <div
      class="body"
    >
      <h3>
        Shinagawa Prince Hotel
      </h3>
      <p>
        <em>
          Address:
        </em>
         
        some address
      </p>
      <div>
        some mock description
      </div>
    </div>
    <div
      class="review"
    >
      <h4>
        Review
      </h4>
      <p>
        4
         ‚≠ê Hotel
      </p>
      <p>
        Rating: 
        7.7
      </p>
      <p
        style="color: rgb(235, 77, 75);"
      >
        Price: 
         
        Rates Unavailable
      </p>
      <button
        style="padding: 20px; background: rgb(72, 52, 212); border-radius: 10px; font-size: 18px; color: rgb(255, 255, 255); cursor: pointer;"
      >
        Book!
      </button>
    </div>
  </div>
</div>
`;
