// Jest Snapshot v1, https://goo.gl/fbAQLP

exports[`HotelInfo should render correctly 1`] = `
<div>
  <div
    data-testid="tooltip-container"
    style="position: relative;"
  />
</div>
`;
