// Jest Snapshot v1, https://goo.gl/fbAQLP

exports[`CurrencySelect should render correctly 1`] = `
<div>
  <div>
    Currency:
     
    <select
      name="currency"
    >
      <option
        value="SGD"
      >
        SGD
      </option>
      <option
        value="USD"
      >
        USD
      </option>
      <option
        selected=""
        value="CNY"
      >
        CNY
      </option>
      <option
        value="KRW"
      >
        KRW
      </option>
    </select>
  </div>
</div>
`;
