// Jest Snapshot v1, https://goo.gl/fbAQLP

exports[`TaxBreakdown should render correctly 1`] = `
<div>
  <p>
    Tax: 
    20
  </p>
  <p>
    Hotel Fees: 
    100
  </p>
</div>
`;
