// Jest Snapshot v1, https://goo.gl/fbAQLP

exports[`HotelInfo should render correctly 1`] = `
<div>
  <div
    style="display: flex; justify-content: left;"
  >
    <div>
      <img
        alt="hotel"
        src="image url"
      />
    </div>
    <div
      style="margin-right: auto;"
    >
      <h3>
        mock hotel name
      </h3>
      <p>
        mock address
      </p>
      <div>
        mock description
      </div>
      <button>
        Book!
      </button>
    </div>
    <div>
      <p>
        4
         star Hotel
      </p>
      <p>
        Rating 
        3
      </p>
      <div
        data-testid="tooltip-container"
        style="position: relative;"
      >
        <p>
          
           
          212
        </p>
      </div>
    </div>
  </div>
</div>
`;
